Processing input file: project-test-data.txt
=====================================

> create database university;
Database university created

> use university;
Using database university

> create table x(id integer , name text);
Table x created

> create table student(atext );
Table student created

> select x,y,zfrom studentwhere x=y or y!=z;
Nothing found

> describe student;
STUDENT
  a: TEXT

> let x select id,name from student;
Error: Invalid LET syntax. Use: LET tablename KEY attrname <SELECT OPERATION>;

> rename x(a,b,c);
Error: Number of new attribute names (3) does not match existing attributes (2)

> insert  student values("abc","x","aaa",1,2,"yy");
Error: Expected 1 values, got 6

> insert  student values("abc","x","aaa",1,2.345,"yy");
Error: Expected 1 values, got 6

> update student set x="abc",y=1,z="dd";
Error: Unknown attribute: x

> update student set x="abc",y=1,z="dd" where a<=b;
Error: Unknown attribute: x

> update student set x="abc",y=1,z="dd" where a>c orb=d;
Error: Unknown attribute: x

> update student set x="abc",y=1,z="dd";
Error: Unknown attribute: x

> deletestudent;
0 record(s) deleted
Table student removed from database

> deletex;
0 record(s) deleted
Table x removed from database

> use y;
Error: Database y does not exist

> Create student;
Error: Unknown CREATE type: STUDENT

> select from student;
Error: Table student does not exist

> select student;
Error: Invalid SELECT syntax. Missing FROM clause.

> create table student();
Error: Table must have at least one attribute

> create table student(id,id);
Error: Invalid data type: ,

> use;
Error: USE requires a database name

> rename student);
Error: Invalid RENAME syntax. Use: RENAME tablename (attr1, attr2, ...);

> create database db3;
Database db3 created

> use db3;
Using database db3

> create table st(id integer primary key, name text, gpa float);
Table st created

> create table prof(pname text ,ssn integer);
Table prof created

> insert  st values (3, "C", 3.0);
1 record inserted

> insert  st values (2, "B", 2.0);
1 record inserted

> insert  st values (1, "Abe", 3.5);
1 record inserted

> insert  st values (2, "Berror", 2.0);
Error: Duplicate primary key value: 2

> insert  st values (5, "E", 5);
1 record inserted

> insert  st values (4, "D", 4.44);
1 record inserted

> insert  st values (6, "F", 6.0);
1 record inserted

> insert  st values (4, "Derror", 2.0);
Error: Duplicate primary key value: 4

> insert  prof values ("ABE", 11);
1 record inserted

> insert  prof values ("C", 33);
1 record inserted

> let st2 KEY ssn select name, gpa, ssn from st,prof where pname=name or gpa=3.0;
Warning: skipping record in st2 — Duplicate primary key value: 11
Table st2 created from SELECT with key ssn

> select name, gpa, ssn from st2;
NAME | GPA | SSN
--------------------------------------------------
1. "Abe" | 3.5 | 11
2. "C" | 3.0 | 33

> select name, gpa, ssn from st2 where ssn=2;
Nothing found

> select name, gpa, ssn from st2 where ssn=2 and gpa=3.0;
Nothing found

> select name, gpa, ssn from st2 where ssn=2 and gpa!=3.0;
Nothing found

> select name, gpa, ssn from st,prof where pname=name;
NAME | GPA | SSN
--------------------------------------------------
1. "Abe" | 3.5 | 11
2. "C" | 3.0 | 33

> select name,ssn from prof,st where name=pname and gpa=3.0;
NAME | SSN
--------------------------------------------------
1. "C" | 33

> select name,ssn from prof,st where name=pname or gpa=2.0;
NAME | SSN
--------------------------------------------------
1. "Abe" | 11
2. "B" | 11
3. "B" | 33
4. "C" | 33

> select name,ssn from prof,st where name=pname and pname="C" and gpa=3.0;
NAME | SSN
--------------------------------------------------
1. "C" | 33

> select gpa from student where gpa>=3.0 and gpa!=4.44;
Error: Table student does not exist

> select name, gpa from student where id=3 and gpa=3.0 and name="C";
Error: Table student does not exist

> select name, gpa from student where id!=3 and gpa=3.0 and name="C";
Error: Table student does not exist

> create table third (x integer);
Table third created

> insert  third values(1);
1 record inserted

> insert  third values(2);
1 record inserted

> select name, ssn, x from third, st, prof where name=pname and id=x;
NAME | SSN | X
--------------------------------------------------
1. "Abe" | 11 | 1

> delete st where name="Abe";
1 record(s) deleted

> delete prof where ssn>=33;
1 record(s) deleted

> select ssn from prof;
SSN
--------------------------------------------------
1. 11

> select name, gpa, ssn from st,prof where pname=name;
Nothing found

> describe prof;
PROF
  pname: TEXT
  ssn: INTEGER

> describe all;
ST2
  ssn: INTEGER PRIMARY KEY
  name: TEXT
  gpa: FLOAT

ST
  id: INTEGER PRIMARY KEY
  name: TEXT
  gpa: FLOAT

THIRD
  x: INTEGER

PROF
  pname: TEXT
  ssn: INTEGER


> update st set gpa=0.00, name="X" where gpa != 4.0;
5 record(s) updated

> select name, gpa from student;
Error: Table student does not exist

> update st set name="abc", gpa=1.1 where id=1;
0 record(s) updated

> update st set name="abc",id=2, gpa=3.0 where id < gpa;
0 record(s) updated

> Select name, gpa, id from st;
NAME | GPA | ID
--------------------------------------------------
1. "X" | 0.0 | 2
2. "X" | 0.0 | 3
3. "X" | 0.0 | 4
4. "X" | 0.0 | 5
5. "X" | 0.0 | 6

> rename st (x,y,z);
Table st attributes renamed

> select y, z from st;
Y | Z
--------------------------------------------------
1. "X" | 0.0
2. "X" | 0.0
3. "X" | 0.0
4. "X" | 0.0
5. "X" | 0.0

> describe st;
ST
  x: INTEGER PRIMARY KEY
  y: TEXT
  z: FLOAT

> Select max(gpa) from st;
Error: Unknown attribute: gpa

> Select min(gpa) from st where id>2 and name="John Doe";
Error: Unknown attribute in WHERE clause: id

> Select average(gpa) from st where id>2;
Error: Unknown attribute in WHERE clause: id

> Select count(*) from st where id>2 or name="John Doe";
Error: Unknown attribute in WHERE clause: id

> exit;
Goodbye!
